// Jest Snapshot v1, https://goo.gl/fbAQLP

exports[`Input renders without crashing 1`] = `
<div
  className="form-group"
>
  <input
    className="form-control"
    disabled={false}
    id="test"
    name="test"
    onChange={[Function]}
    type="text"
  />
</div>
`;
