// Jest Snapshot v1, https://goo.gl/fbAQLP

exports[`Home renders without crashing 1`] = `
<div
  className="home"
>
  <div
    className="carousel"
    onKeyDown={[Function]}
    onMouseOut={[Function]}
    onMouseOver={[Function]}
    onTouchEnd={[Function]}
    onTouchMove={[Function]}
    onTouchStart={[Function]}
  >
    <ol
      className="carousel-indicators"
    >
      <li
        className="active"
        onClick={[Function]}
      />
      <li
        onClick={[Function]}
      />
      <li
        onClick={[Function]}
      />
    </ol>
    <div
      className="carousel-inner"
    >
      <div
        className="active carousel-item"
      >
        <div
          className="carousel-caption"
        >
          <div
            className="title"
          >
            <h1>
              Welcome to the Self Tokeninzation Platform
            </h1>
            <h3
              className="mt-4"
            >
              Securely Tokenize your assets on the blockchain
            </h3>
          </div>
          <h2
            className="mt-5"
          >
            Tokenize real world assets
          </h2>
          <h4
            className="mb-5"
          >
            Securely and transparently
          </h4>
        </div>
      </div>
      <div
        className="carousel-item"
      >
        <div
          className="carousel-caption"
        >
          <div
            className="title"
          >
            <h1>
              Welcome to the Self Tokeninzation Platform
            </h1>
            <h3
              className="mt-4"
            >
              Securely Tokenize your assets on the blockchain
            </h3>
          </div>
          <h2
            className="mt-5"
          >
            From real estate to art and more
          </h2>
          <h4
            className="mb-5"
          >
            Safely and easily harness the benefits of blockchain
          </h4>
        </div>
      </div>
      <div
        className="carousel-item"
      >
        <div
          className="carousel-caption"
        >
          <div
            className="title"
          >
            <h1>
              Welcome to the Self Tokeninzation Platform
            </h1>
            <h3
              className="mt-4"
            >
              Securely Tokenize your assets on the blockchain
            </h3>
          </div>
          <h2
            className="mt-5"
          >
            Broaden the investment base for your assets
          </h2>
          <h4
            className="mb-5"
          >
            Improve liquidity through a frictionless environment
          </h4>
        </div>
      </div>
    </div>
    <a
      className="carousel-control-prev"
      href="#"
      onClick={[Function]}
      onKeyDown={[Function]}
      role="button"
    >
      <span
        aria-hidden="true"
        className="carousel-control-prev-icon"
      />
      <span
        className="sr-only"
      >
        Previous
      </span>
    </a>
    <a
      className="carousel-control-next"
      href="#"
      onClick={[Function]}
      onKeyDown={[Function]}
      role="button"
    >
      <span
        aria-hidden="true"
        className="carousel-control-next-icon"
      />
      <span
        className="sr-only"
      >
        Next
      </span>
    </a>
  </div>
  <div
    className="card"
    style={
      Object {
        "background": "#f8faff",
        "border": "none",
        "margin": "20px 10px",
      }
    }
  >
    <h3
      className="mt-5"
    >
      Start Tokenizing Your Assets Today
    </h3>
  </div>
  <button
    className="tokenize-now btn btn-primary"
    disabled={false}
    onClick={[Function]}
    type="button"
  >
    Tokenize Now!
  </button>
</div>
`;
